Testing TTS with ID: Xb7hH8MSUJpSbSDYk0k2
API Key: sk_032dfe1...67fb0
Status Code: 401
Response: {"detail":{"status":"detected_unusual_activity","message":"Unusual activity detected. Free Tier usage disabled. If you are using a proxy/VPN you might need to purchase a Paid Plan to not trigger our abuse detectors. Free Tier only works if users do not abuse it, for example by creating multiple free accounts. If we notice that many people try to abuse it, we will need to reconsider Free Tier altogether. \nPlease play fair and purchase any Paid Subscription to continue."}}
